// Jest Snapshot v1, https://goo.gl/fbAQLP

exports[`Controls Expect component to render without crashing 1`] = `
<section
  className="Controls-wrapper"
>
  <h1
    className="title"
  >
    Swapi-Box
  </h1>
  <button
    className="Controls-btn people"
    name="people"
    onClick={[Function]}
  >
    <div
      className="vehicles-wrapper"
    >
      <img
        alt="star-trooper"
        src="Trooper.svg"
      />
      People
    </div>
  </button>
  <button
    className="Controls-btn planets"
    name="planets"
    onClick={[Function]}
  >
    <div
      className="vehicles-wrapper"
    >
      <img
        alt="deathstar"
        src="DeathStar.svg"
      />
      Planets
    </div>
  </button>
  <button
    className="Controls-btn vehicles"
    name="vehicles"
    onClick={[Function]}
  >
    <div
      className="vehicles-wrapper"
    >
      <img
        alt="falcon"
        src="Falcon.svg"
      />
      Vehicles
    </div>
  </button>
</section>
`;
