// Jest Snapshot v1, https://goo.gl/fbAQLP

exports[`Scroll should render correctly 1`] = `
<article
  className="Scroll-article"
>
  <p />
  <div
    className="filmtext-wrapper-before"
  >
    <div
      className="filmtext-wrapper-after"
    >
      <h1>
        Revenge of the Sith
      </h1>
      <h2>
        Episode: 
      </h2>
      <h4>
        Date: 
        2005-05-19
      </h4>
      <h5>
        War! The Republic is crumbling
      </h5>
    </div>
  </div>
</article>
`;
