// Jest Snapshot v1, https://goo.gl/fbAQLP

exports[`App should match the snatpshot 1`] = `
<div
  className="App"
>
  <header
    className="App-header"
  >
    <section>
      <img
        alt="logo"
        className="App-logo"
        src="logo.svg"
      />
      <h5>
        Loading have faith...
      </h5>
    </section>
    <Controls
      handleCategory={[Function]}
    />
    <Favorites />
  </header>
  <Scroll
    filmText={Object {}}
  />
  <footer />
</div>
`;

exports[`App should render Scroll component when the category is an empty string 1`] = `
<div
  className="App"
>
  <header
    className="App-header"
  >
    <section>
      <img
        alt="logo"
        className="App-logo"
        src="logo.svg"
      />
      <h5>
        Loading have faith...
      </h5>
    </section>
    <Controls
      handleCategory={[Function]}
    />
    <Favorites />
  </header>
  <Scroll
    filmText={Object {}}
  />
  <footer />
</div>
`;

exports[`App should render is loading if the isLoading is true 1`] = `
<div
  className="App"
>
  <header
    className="App-header"
  >
    <section>
      <img
        alt="logo"
        className="App-logo"
        src="logo.svg"
      />
      <h5>
        Loading have faith...
      </h5>
    </section>
    <Controls
      handleCategory={[Function]}
    />
    <Favorites />
  </header>
  <Scroll
    filmText={Object {}}
  />
  <footer />
</div>
`;
