// Jest Snapshot v1, https://goo.gl/fbAQLP

exports[`CardContainer should render correctly without crashing 1`] = `
<section
  className="CardContainer-wrapper"
>
  <Card
    homeworld="Tatooine"
    key="tp8z60oXA"
    language="Galactic Basic"
    name="Luke Skywalker"
    population="200000"
    species="Human"
  />
  <Card
    homeworld="Tatooine"
    key="uc1C0bxmi7"
    language="n/a"
    name="C-3PO"
    population="200000"
    species="Droid"
  />
</section>
`;
